by study: group n | last_value minus model, mean [95% CI] | naive-better share
  1                n= 29 | bertal -0.00044 [-0.00103,+0.00003] 72% tie | gomper -0.00020 [-0.00092,+0.00044] 59% tie | expone -0.00028 [-0.00106,+0.00063] 79% tie | two_po -0.00065 [-0.00136,-0.00004] 38% naive
  2                n= 65 | bertal -0.00048 [-0.00132,+0.00028] 58% tie | gomper -0.00058 [-0.00165,+0.00046] 68% tie | expone -0.00066 [-0.00283,+0.00171] 63% tie | two_po -0.00339 [-0.00582,-0.00129] 46% naive
  3                n=157 | bertal -0.00030 [-0.00054,-0.00011] 66% naive | gomper -0.00045 [-0.00076,-0.00020] 64% naive | expone -0.00040 [-0.00078,-0.00005] 61% naive | two_po -0.00100 [-0.00220,-0.00012] 34% naive
  4                n=238 | bertal -0.00047 [-0.00080,-0.00018] 68% naive | gomper -0.00100 [-0.00173,-0.00045] 69% naive | expone -0.00232 [-0.00335,-0.00143] 76% naive | two_po -0.00206 [-0.00397,-0.00065] 37% naive
  5                n= 51 | bertal +0.00012 [-0.00036,+0.00082] 73% tie | gomper -0.00060 [-0.00162,-0.00001] 57% naive | expone -0.00013 [-0.00049,+0.00022] 78% tie | two_po -0.00020 [-0.00074,+0.00030] 41% tie
by arm: group n | last_value minus model, mean [95% CI] | naive-better share
  Study_1_Arm_1    n= 10 | bertal -0.00060 [-0.00148,-0.00005] 70% naive | gomper -0.00058 [-0.00154,+0.00002] 60% tie | expone +0.00003 [-0.00092,+0.00097] 60% tie | two_po -0.00037 [-0.00126,+0.00014] 40% tie
  Study_1_Arm_2    n= 16 | bertal -0.00044 [-0.00131,+0.00028] 81% tie | gomper -0.00000 [-0.00115,+0.00103] 62% tie | expone -0.00047 [-0.00170,+0.00110] 88% tie | two_po -0.00094 [-0.00207,+0.00004] 44% tie
  Study_1_Arm_3    n=  3 | bertal +0.00004 [-0.00002,+0.00014] 33% tie | gomper +0.00003 [-0.00002,+0.00012] 33% tie | expone -0.00033 [-0.00097,-0.00000] 100% naive | two_po +0.00000 [+0.00000,+0.00000] 0% tie
  Study_2_Arm_1    n= 21 | bertal -0.00053 [-0.00158,+0.00046] 67% tie | gomper -0.00053 [-0.00204,+0.00087] 76% tie | expone -0.00176 [-0.00565,+0.00121] 81% tie | two_po -0.00416 [-0.00906,-0.00037] 48% naive
  Study_2_Arm_2    n= 44 | bertal -0.00046 [-0.00162,+0.00054] 55% tie | gomper -0.00061 [-0.00205,+0.00077] 64% tie | expone -0.00013 [-0.00282,+0.00299] 55% tie | two_po -0.00303 [-0.00587,-0.00057] 45% naive
  Study_3_Arm_1    n=  7 | bertal -0.00003 [-0.00025,+0.00015] 57% tie | gomper -0.00006 [-0.00028,+0.00017] 71% tie | expone -0.00039 [-0.00087,+0.00001] 86% tie | two_po -0.00009 [-0.00046,+0.00014] 29% tie
  Study_3_Arm_2    n= 33 | bertal -0.00015 [-0.00037,+0.00001] 73% tie | gomper -0.00017 [-0.00029,-0.00007] 73% naive | expone -0.00009 [-0.00043,+0.00029] 70% tie | two_po -0.00028 [-0.00069,+0.00005] 39% tie
  Study_3_Arm_3    n= 21 | bertal -0.00067 [-0.00191,+0.00031] 71% tie | gomper -0.00084 [-0.00171,-0.00014] 62% naive | expone -0.00041 [-0.00164,+0.00068] 52% tie | two_po -0.00403 [-0.01157,+0.00041] 29% tie
  Study_3_Arm_4    n= 41 | bertal -0.00008 [-0.00017,+0.00001] 59% tie | gomper -0.00048 [-0.00124,-0.00003] 54% naive | expone -0.00052 [-0.00122,+0.00002] 56% tie | two_po -0.00010 [-0.00048,+0.00030] 37% tie
  Study_3_Arm_5    n= 17 | bertal -0.00019 [-0.00047,+0.00002] 65% tie | gomper -0.00031 [-0.00065,-0.00004] 71% naive | expone -0.00017 [-0.00076,+0.00046] 53% tie | two_po -0.00239 [-0.00684,+0.00010] 47% tie
  Study_3_Arm_6    n= 38 | bertal -0.00058 [-0.00124,-0.00007] 68% naive | gomper -0.00059 [-0.00139,+0.00010] 66% tie | expone -0.00065 [-0.00179,+0.00043] 61% tie | two_po -0.00046 [-0.00195,+0.00081] 26% tie
  Study_4_Arm_1    n= 83 | bertal -0.00032 [-0.00080,+0.00015] 71% tie | gomper -0.00042 [-0.00091,+0.00007] 70% tie | expone -0.00267 [-0.00408,-0.00152] 88% naive | two_po -0.00147 [-0.00273,-0.00036] 40% naive
  Study_4_Arm_2    n=155 | bertal -0.00055 [-0.00100,-0.00018] 66% naive | gomper -0.00131 [-0.00243,-0.00050] 68% naive | expone -0.00213 [-0.00359,-0.00095] 69% naive | two_po -0.00237 [-0.00525,-0.00031] 35% naive
  Study_5_Arm_1    n= 51 | bertal +0.00012 [-0.00036,+0.00082] 73% tie | gomper -0.00060 [-0.00161,-0.00001] 57% naive | expone -0.00013 [-0.00048,+0.00023] 78% tie | two_po -0.00020 [-0.00073,+0.00030] 41% tie
