by study: group n | last_value minus model, mean [95% CI] | naive-better share
  1                n= 37 | bertal -0.00110 [-0.00291,+0.00001] 57% tie | gomper -0.00045 [-0.00124,+0.00021] 62% tie | expone -0.00041 [-0.00111,+0.00038] 78% tie | two_po -0.00027 [-0.00098,+0.00050] 43% tie
  2                n= 70 | bertal -0.00035 [-0.00106,+0.00024] 56% tie | gomper -0.00055 [-0.00157,+0.00042] 67% tie | expone -0.00062 [-0.00267,+0.00153] 63% tie | two_po -0.00315 [-0.00542,-0.00116] 44% naive
  3                n=199 | bertal -0.00042 [-0.00073,-0.00016] 64% naive | gomper -0.00054 [-0.00083,-0.00027] 68% naive | expone -0.00033 [-0.00065,-0.00004] 63% naive | two_po -0.00095 [-0.00193,-0.00019] 36% naive
  4                n=269 | bertal -0.00078 [-0.00133,-0.00036] 65% naive | gomper -0.00125 [-0.00201,-0.00064] 71% naive | expone -0.00214 [-0.00307,-0.00135] 77% naive | two_po -0.00193 [-0.00364,-0.00067] 38% naive
  5                n= 59 | bertal +0.00001 [-0.00042,+0.00063] 58% tie | gomper -0.00060 [-0.00150,-0.00006] 56% naive | expone -0.00013 [-0.00044,+0.00018] 78% tie | two_po -0.00524 [-0.01567,+0.00016] 37% tie
by arm: group n | last_value minus model, mean [95% CI] | naive-better share
  Study_1_Arm_1    n= 13 | bertal -0.00045 [-0.00114,-0.00002] 62% naive | gomper -0.00046 [-0.00120,+0.00000] 62% tie | expone +0.00002 [-0.00072,+0.00075] 62% tie | two_po -0.00029 [-0.00097,+0.00010] 46% tie
  Study_1_Arm_2    n= 21 | bertal -0.00166 [-0.00474,+0.00021] 62% tie | gomper -0.00052 [-0.00182,+0.00059] 67% tie | expone -0.00069 [-0.00180,+0.00061] 86% tie | two_po -0.00030 [-0.00150,+0.00097] 48% tie
  Study_1_Arm_3    n=  3 | bertal +0.00005 [+0.00000,+0.00014] 0% tie | gomper +0.00003 [-0.00002,+0.00012] 33% tie | expone -0.00033 [-0.00097,-0.00000] 100% naive | two_po +0.00000 [+0.00000,+0.00000] 0% tie
  Study_2_Arm_1    n= 23 | bertal -0.00048 [-0.00144,+0.00043] 61% tie | gomper -0.00048 [-0.00188,+0.00084] 70% tie | expone -0.00161 [-0.00510,+0.00119] 78% tie | two_po -0.00380 [-0.00819,-0.00034] 43% naive
  Study_2_Arm_2    n= 47 | bertal -0.00029 [-0.00122,+0.00048] 53% tie | gomper -0.00059 [-0.00194,+0.00071] 66% tie | expone -0.00013 [-0.00262,+0.00274] 55% tie | two_po -0.00283 [-0.00554,-0.00056] 45% naive
  Study_3_Arm_1    n= 12 | bertal -0.00003 [-0.00016,+0.00009] 50% tie | gomper -0.00088 [-0.00260,+0.00011] 75% tie | expone -0.00054 [-0.00132,+0.00000] 67% tie | two_po +0.00003 [-0.00025,+0.00032] 42% tie
  Study_3_Arm_2    n= 37 | bertal -0.00014 [-0.00035,+0.00001] 78% tie | gomper -0.00015 [-0.00026,-0.00006] 76% naive | expone -0.00008 [-0.00039,+0.00026] 70% tie | two_po -0.00025 [-0.00061,+0.00004] 43% tie
  Study_3_Arm_3    n= 24 | bertal -0.00033 [-0.00086,+0.00000] 67% tie | gomper -0.00074 [-0.00152,-0.00013] 62% naive | expone -0.00036 [-0.00146,+0.00058] 58% tie | two_po -0.00353 [-0.01011,+0.00036] 25% tie
  Study_3_Arm_4    n= 54 | bertal -0.00071 [-0.00166,-0.00008] 54% naive | gomper -0.00061 [-0.00132,-0.00014] 59% naive | expone -0.00045 [-0.00100,-0.00003] 61% naive | two_po -0.00084 [-0.00226,+0.00008] 35% tie
  Study_3_Arm_5    n= 18 | bertal -0.00016 [-0.00043,+0.00004] 67% tie | gomper -0.00030 [-0.00064,-0.00005] 72% naive | expone -0.00016 [-0.00073,+0.00044] 56% tie | two_po -0.00226 [-0.00650,+0.00010] 44% tie
  Study_3_Arm_6    n= 54 | bertal -0.00055 [-0.00118,+0.00001] 65% tie | gomper -0.00064 [-0.00133,+0.00001] 70% tie | expone -0.00039 [-0.00125,+0.00039] 65% tie | two_po -0.00017 [-0.00128,+0.00076] 33% tie
  Study_4_Arm_1    n= 96 | bertal -0.00089 [-0.00222,-0.00005] 70% naive | gomper -0.00103 [-0.00237,-0.00018] 72% naive | expone -0.00237 [-0.00357,-0.00133] 89% naive | two_po -0.00145 [-0.00255,-0.00045] 42% naive
  Study_4_Arm_2    n=173 | bertal -0.00072 [-0.00117,-0.00033] 63% naive | gomper -0.00138 [-0.00234,-0.00063] 70% naive | expone -0.00201 [-0.00331,-0.00096] 70% naive | two_po -0.00220 [-0.00477,-0.00037] 35% naive
  Study_5_Arm_1    n= 59 | bertal +0.00001 [-0.00043,+0.00064] 58% tie | gomper -0.00060 [-0.00152,-0.00005] 56% naive | expone -0.00013 [-0.00043,+0.00017] 78% tie | two_po -0.00524 [-0.01566,+0.00017] 37% tie
