last-value share of non-ties vs each model (lv wins/model wins); fit sees n-1 points
group             n           two_point_trend               exponential                  gompertz               bertalanffy
3 readings all  397   63.7% [58%,69%] 214/122   63.2% [58%,68%] 215/125   47.7% [42%,53%] 159/174   44.5% [39%,50%] 137/171
3 readings down   59   66.1% [53%,78%]  39/ 20   66.1% [53%,78%]  39/ 20   51.7% [38%,65%]  30/ 28   48.7% [32%,65%]  19/ 20
3 readings flux  144  100.0% [96%,100%]  84/  0   96.6% [90%,99%]  84/  3  97.6% [92%,100%]  83/  2   94.7% [87%,99%]  71/  4
3 readings up   194   47.2% [40%,54%]  91/102   47.4% [40%,55%]  92/102   24.2% [18%,31%]  46/144   24.2% [18%,31%]  47/147
4-5 all         423   63.3% [58%,69%] 202/117   57.6% [53%,62%] 231/170   60.8% [56%,66%] 231/149   56.5% [51%,62%] 210/162
4-5 down         90   71.2% [59%,82%]  47/ 19   76.7% [67%,85%]  69/ 21   70.1% [59%,79%]  61/ 26   69.0% [58%,79%]  58/ 26
4-5 flux        187   59.7% [51%,68%]  86/ 58   67.9% [60%,75%] 112/ 53   80.9% [74%,87%] 131/ 31   73.6% [66%,81%] 106/ 38
4-5 up          146   63.3% [54%,72%]  69/ 40   34.2% [27%,43%]  50/ 96   29.8% [22%,38%]  39/ 92   31.9% [24%,40%]  46/ 98
>=6 all         641   59.8% [55%,65%] 225/151   75.4% [72%,79%] 472/154   76.7% [73%,80%] 447/136   76.8% [73%,80%] 449/136
>=6 down        240   69.7% [60%,78%]  76/ 33   86.7% [82%,91%] 208/ 32   83.3% [78%,88%] 175/ 35   82.8% [77%,87%] 193/ 40
>=6 flux        328   58.6% [52%,65%] 129/ 91   74.4% [69%,79%] 233/ 80   74.9% [70%,80%] 227/ 76   75.2% [70%,80%] 212/ 70
>=6 up           73   42.6% [28%,58%]  20/ 27   42.5% [31%,55%]  31/ 42   64.3% [52%,75%]  45/ 25   62.9% [50%,74%]  44/ 26

by horizon (weeks from last fitted reading to the held-out one), all lengths; tertiles
<= 6.0 wk       868   60.3% [56%,64%] 390/257   64.4% [61%,68%] 520/287   63.7% [60%,67%] 494/281   60.8% [57%,64%] 452/292
6.0-7.0 wk      162   68.7% [59%,77%]  79/ 36   64.1% [56%,72%]  93/ 52   62.1% [54%,70%]  87/ 53   59.3% [50%,68%]  80/ 55
> 7.0 wk        431   63.9% [58%,70%] 172/ 97   73.5% [69%,78%] 305/110   67.2% [62%,72%] 256/125   68.4% [63%,73%] 264/122

by horizon within >=6 only
<= 6.0 wk       295   54.6% [47%,62%] 100/ 83   73.1% [68%,78%] 209/ 77   80.1% [75%,85%] 217/ 54   80.7% [75%,85%] 213/ 51
6.0-7.0 wk       49   66.7% [46%,83%]  18/  9   66.0% [51%,79%]  31/ 16   62.2% [47%,76%]  28/ 17   57.8% [42%,72%]  26/ 19
> 7.0 wk        297   64.5% [57%,72%] 107/ 59   79.2% [74%,84%] 232/ 61   75.7% [70%,81%] 202/ 65   76.1% [71%,81%] 210/ 66
