series with >= 8 readings: 361; target = last reading, origin = the one before; fit on the last k up to origin
last-value share of non-ties (lv wins/curve wins)

  all (n=361)
  exponential  k=3 66.9% [61%,72%] 196/ 97  k=4 66.2% [61%,71%] 208/106  k=5 67.2% [62%,72%] 221/108  k=6 68.4% [63%,73%] 229/106
  gompertz     k=3 65.1% [59%,71%] 177/ 95  k=4 73.0% [68%,78%] 222/ 82  k=5 71.6% [66%,76%] 224/ 89  k=6 74.9% [70%,80%] 239/ 80
  bertalanffy  k=3 58.4% [52%,65%] 128/ 91  k=4 60.5% [54%,67%] 153/100  k=5 62.3% [56%,68%] 162/ 98  k=6 67.8% [62%,73%] 194/ 92

  down (n=140)
  exponential  k=3 81.0% [73%,88%]  94/ 22  k=4 81.3% [73%,88%] 100/ 23  k=5 78.6% [70%,85%]  99/ 27  k=6 80.2% [72%,87%] 105/ 26
  gompertz     k=3 78.8% [70%,86%]  82/ 22  k=4 84.0% [76%,90%] 100/ 19  k=5 79.5% [71%,86%]  97/ 25  k=6 76.9% [68%,84%]  93/ 28
  bertalanffy  k=3 71.6% [59%,82%]  48/ 19  k=4 67.5% [56%,77%]  56/ 27  k=5 67.1% [56%,77%]  55/ 27  k=6 69.3% [59%,78%]  70/ 31

  flux (n=188)
  exponential  k=3 60.7% [52%,69%]  91/ 59  k=4 59.0% [51%,67%]  95/ 66  k=5 63.0% [55%,70%] 109/ 64  k=6 64.4% [57%,71%] 112/ 62
  gompertz     k=3 58.5% [50%,67%]  83/ 59  k=4 67.9% [60%,75%] 106/ 50  k=5 68.9% [61%,76%] 111/ 50  k=6 75.6% [68%,82%] 127/ 41
  bertalanffy  k=3 56.2% [47%,65%]  72/ 56  k=4 56.7% [48%,65%]  80/ 61  k=5 60.3% [52%,68%]  91/ 60  k=6 68.4% [60%,76%] 108/ 50

  up (n=33)
  exponential  k=3 40.7% [22%,61%]  11/ 16  k=4 43.3% [25%,63%]  13/ 17  k=5 43.3% [25%,63%]  13/ 17  k=6 40.0% [23%,59%]  12/ 18
  gompertz     k=3 46.2% [27%,67%]  12/ 14  k=4 55.2% [36%,74%]  16/ 13  k=5 53.3% [34%,72%]  16/ 14  k=6 63.3% [44%,80%]  19/ 11
  bertalanffy  k=3 33.3% [16%,55%]   8/ 16  k=4 58.6% [39%,76%]  17/ 12  k=5 59.3% [39%,78%]  16/ 11  k=6 59.3% [39%,78%]  16/ 11

one more older reading, k -> k+1: share of series where the curve's error falls (strict), all classes
  exponential  3->4 172/316  4->5 171/329  5->6 156/336
  gompertz     3->4 141/304  4->5 170/314  5->6 148/324
  bertalanffy  3->4 85/236  4->5 118/254  5->6 104/265
